[sunsecrets.no/index.html]
[backblue.gif]
[fade.gif]
[index.html]
[sunsecrets.no/cdn/fonts/nunito_sans/nunitosans_n4.2b61d9dcf54d8ac8282cfd1ebb6964c79a7efcd11a94.woff2]
[fonts.shopify.com/index.html]
[cdn.shopify.com/index.html]
[sunsecrets.no/cdn/fonts/americana/americana_n4.e48f0c04dfcd15cf0297d6a79006cabda02b0d1355be.woff2]
[sunsecrets.no/cdn/fonts/americana/americana_n7.dd29a55af4a70b7c14bb52dbc2c66d28ecc4549c53e7.woff2]
[sunsecrets.no/cdn/shop/t/3/assets/vendor.min082c.js]
[sunsecrets.no/cdn/shop/t/3/assets/themec020.js]
[sunsecrets.no/cdn/shop/files/s_2347c.png]
[sunsecrets.no/cdn/fonts/nunito_sans/nunitosans_n4.420cbf408f643f8ff8fd948b99c10dade8b6af79cc70.woff]
[sunsecrets.no/cdn/fonts/nunito_sans/nunitosans_n7.5bd4fb9346d13afb61b3d78f8a1e9f31b128b3d9bd80.woff2]
[sunsecrets.no/cdn/fonts/nunito_sans/nunitosans_n7.2bcf0f11aa6af91c784a857ef004bcca8c2d324da024.woff]
[sunsecrets.no/cdn/fonts/nunito_sans/nunitosans_i4.e88a2041a6cfbeacffb96db0e8efdfaaa38ddc5c8d43.woff2]
[sunsecrets.no/cdn/fonts/nunito_sans/nunitosans_i4.2c3733ccdf579e6e89e929a950e6a93484fdf6b4a68f.woff]
[sunsecrets.no/cdn/fonts/nunito_sans/nunitosans_i7.975ea93f521412ef99ca1e2e434d8ca6a5cf77e7662c.woff2]
[sunsecrets.no/cdn/fonts/nunito_sans/nunitosans_i7.83b70272d04b71e88f25fc6834dc9b88e4ba4e9581c9.woff]
[sunsecrets.no/cdn/fonts/americana/americana_n4.82fd6d36971133e9a39ac8d8783e24cfd710a2de26c3.woff]
[sunsecrets.no/cdn/fonts/americana/americana_n7.b90dc501205730290fb3e7fa49a0ff0d5a4698614167.woff]
[sunsecrets.no/cdn/fonts/nunito_sans/nunitosans_n6.5961c6bc803e324f4956df0cb642a575b67f2a145448.woff2]
[sunsecrets.no/cdn/fonts/nunito_sans/nunitosans_n6.6a6bf2fbfa5764dad0d322a8d70b468db69d79ec4fd1.woff]
[sunsecrets.no/cdn/shop/t/3/assets/styles60b7.css]
[cdn.shopify.com/shopifycloud/storefront-recaptcha-v3/v0.6/index.js]
[sunsecrets.no/cdn/shopifycloud/shopify/assets/storefront/load_feature-87876fa245af19cbd14aa886ed59c6aa8a27c45d24dcd7a81cf2d2323506233e.js]
[sunsecrets.no/cdn/shopifycloud/shopify/assets/storefront/features-1c0b396bd4d054b94abae1eb6a1bd6ba47beb35525c57a217c77a862ff06d83f.js]
[sunsecrets.no/POST]
[sunsecrets.no/cdn]
[sunsecrets.no/cdn/s/trekkie.storefront.7451aa7e642b8d00aa9f5612ce76f4e77ca26077.min.js]
[sunsecrets.no/cdn/shopifycloud/shopify/assets/shop_events_listener-a7c63dba65ccddc484f77541dc8ca437e60e1e9e297fe1c3faebf6523a0ede9b.js]
[sunsecrets.no/cdn/shopifycloud/boomerang/shopify-boomerang-1.0.0.min.js]
[sunsecrets.no/collections/all.html]
[sunsecrets.no/search.html]
[sunsecrets.no/pages/luxury-collection.html]
[sunsecrets.no/collections/rainbow-collection.html]
[sunsecrets.no/pages/om-oss.html]
[sunsecrets.no/cdn/shop/files/logo-horizontal_310x5d42.svg]
[sunsecrets.no/cart.html]
[sunsecrets.no/cdn/shop/files/Frame_3074_1_1_1024x102466c2.jpg]
[sunsecrets.no/cdn/shop/files/Frame_2_1_1024x10248137.jpg]
[sunsecrets.no/cdn/shop/files/Cover-Raindbow_7e674d8c-b4db-47a3-9faf-a506103bff56_1024x102437c5.jpg]
[sunsecrets.no/products/provence-badedrakt.html]
[sunsecrets.no/cdn/shop/files/val-maio-azul-02_1024x10248176.jpg]
[sunsecrets.no/products/bikini-st-tropez-stripete.html]
[sunsecrets.no/cdn/shop/files/val-03_1024x1024f3a3.jpg]
[sunsecrets.no/products/cannes-bikini-hvit.html]
[sunsecrets.no/cdn/shop/files/06_1024x1024a746.jpg]
[sunsecrets.no/products/riviera-stripete.html]
[sunsecrets.no/cdn/shop/files/val-02-riv-listrado_1024x1024bba6.jpg]
[sunsecrets.no/cdn/shop/files/Dai-251_{width}x17fb.jpg]
[sunsecrets.no/cdn/shop/files/Dai-251_1024x102417fb.jpg]
[sunsecrets.no/cdn/shop/files/img-4908_f1b88cf5-e939-48e0-8cd1-e63b9c9ed291_1024x102474a9.jpg]
[sunsecrets.no/collections/rainbow-collection/products/rainbow-bikini-lavendal.html]
[sunsecrets.no/cdn/shop/files/lavanda-01_1024x10240b05.jpg]
[sunsecrets.no/collections/rainbow-collection/products/rainbow-bikini-purple.html]
[sunsecrets.no/cdn/shop/files/cana-rio-09_1024x1024d5c8.jpg]
[sunsecrets.no/collections/rainbow-collection/products/rainbow-bikini-bubble-gum-pink.html]
[sunsecrets.no/cdn/shop/files/chiclete-07_1024x1024e3a7.jpg]
[sunsecrets.no/collections/rainbow-collection/products/rainbow-bikini-rose-shine.html]
[sunsecrets.no/cdn/shop/files/rosa-fluor-13_1024x1024ff4e.jpg]
[sunsecrets.no/collections/rainbow-collection/products/rainbow-bikini-pink.html]
[sunsecrets.no/cdn/shop/files/pink-01_1024x1024e55c.jpg]
[sunsecrets.no/collections/rainbow-collection/products/rainbow-bikini-red.html]
[sunsecrets.no/cdn/shop/files/red-14_1024x1024e6a4.jpg]
[sunsecrets.no/collections/rainbow-collection/products/rainbow-bikini-orange.html]
[sunsecrets.no/cdn/shop/files/orange-12_1024x1024d13a.jpg]
[sunsecrets.no/collections/rainbow-collection/products/rainbow-bikini-yellow.html]
[sunsecrets.no/cdn/shop/files/yellow-01_1024x102416f8.jpg]
[sunsecrets.no/collections/rainbow-collection/products/rainbow-bikini-lime.html]
[sunsecrets.no/cdn/shop/files/green-13_1024x10249a3f.jpg]
[sunsecrets.no/collections/rainbow-collection/products/rainbow-bikini-pistache.html]
[sunsecrets.no/cdn/shop/files/pistache-02_1024x102492b1.jpg]
[sunsecrets.no/collections/rainbow-collection/products/rainbow-bikini-brazilian-green.html]
[sunsecrets.no/cdn/shop/files/bandeira-13_1024x10241183.jpg]
[sunsecrets.no/collections/rainbow-collection/products/rainbow-bikini-army-green.html]
[sunsecrets.no/cdn/shop/files/military-10_1024x10243e30.jpg]
[sunsecrets.no/collections/rainbow-collection/products/rainbow-bikini-jade.html]
[sunsecrets.no/cdn/shop/files/jade-02_1024x10245033.jpg]
[sunsecrets.no/collections/rainbow-collection/products/rainbow-bikini-turkis.html]
[sunsecrets.no/cdn/shop/files/ciano-13_1024x1024f63b.jpg]
[sunsecrets.no/collections/rainbow-collection/products/rainbow-bikini-black.html]
[sunsecrets.no/cdn/shop/files/full-black-15_1024x10245cba.jpg]
[sunsecrets.no/collections/rainbow-collection/products/rainbow-bikini-white.html]
[sunsecrets.no/cdn/shop/files/branco-11_1024x1024b55a.jpg]
[sunsecrets.no/policies/terms-of-service.html]
[sunsecrets.no/index.html]
[sunsecrets.no/policies/privacy-policy.html]
[cdn.shopify.com/static/shopify-favicon.png]
[cdn.shopify.com/static/imagery-landing/croppr/croppr.2.3.1.css]
[cdn.shopify.com/index.html]
[cdn.shopify.com/static/imagery-landing/shopify_monotone_white.svg]
[fonts.shopify.com/index.html]
[monorail-edge.shopifysvc.com/index.html]
[static.hotjar.com/c/hotjar-]
[monorail-edge.shopifysvc.com/v1/produce]
[sunsecrets.no/POST.html]
[sunsecrets.no/cdn.html]
[sunsecrets.no/collections/all.atom]
[sunsecrets.no/collections/POST]
[sunsecrets.no/collections/all51e5.html]
[sunsecrets.no/collections/all911b.html]
[sunsecrets.no/collections/all0466.html]
[sunsecrets.no/collections/all7c28.html]
[sunsecrets.no/collections/all87b3.html]
[sunsecrets.no/collections/all6868.html]
[sunsecrets.no/collections/all3f84.html]
[sunsecrets.no/products/bikini-riviera-nautisk.html]
[sunsecrets.no/cdn/shop/files/bkrvn-01_1024x1024fec7.jpg]
[sunsecrets.no/products/bikini-cannes-marinebla.html]
[sunsecrets.no/cdn/shop/files/biq-cannes-val-blue-02-900-x-1350_1024x1024ef6b.jpg]
[sunsecrets.no/products/cannes-bikinig-navy.html]
[sunsecrets.no/cdn/shop/files/bkrvn-01_ecbb3b6c-4528-4233-a0bb-5c404927d963_1024x10246043.jpg]
[sunsecrets.no/products/cannes-bikini-striper.html]
[sunsecrets.no/cdn/shop/files/dai-02_1024x10244471.jpg]
[sunsecrets.no/products/monaco-hvit.html]
[sunsecrets.no/cdn/shop/files/valeria-01-mo-naco-branco_1024x1024a070.jpg]
[sunsecrets.no/products/bikini-monaco-marinebla.html]
[sunsecrets.no/cdn/shop/files/val-02-monaco-azul_1024x1024f89a.jpg]
[sunsecrets.no/products/monaco-bikini-striper.html]
[sunsecrets.no/cdn/shop/files/helena-01_1024x10249966.jpg]
[sunsecrets.no/products/provence-badedrakt-hvit.html]
[sunsecrets.no/cdn/shop/files/val-04_1024x1024cb21.jpg]
[sunsecrets.no/products/provence-badedrakt-striper.html]
[sunsecrets.no/cdn/shop/files/iza-02-maio-listrado_1024x1024d831.jpg]
[sunsecrets.no/products/rainbow-bikini-army-green.html]
[sunsecrets.no/products/rainbow-bikini-black.html]
[sunsecrets.no/products/rainbow-bikini-brazilian-green.html]
[sunsecrets.no/products/rainbow-bikini-bubble-gum-pink.html]
[sunsecrets.no/products/rainbow-bikini-jade.html]
[sunsecrets.no/products/rainbow-bikini-lavendal.html]
[sunsecrets.no/products/rainbow-bikini-lime.html]
[sunsecrets.no/products/rainbow-bikini-orange.html]
[sunsecrets.no/products/rainbow-bikini-pink.html]
[sunsecrets.no/products/rainbow-bikini-pistache.html]
[sunsecrets.no/products/rainbow-bikini-purple.html]
[sunsecrets.no/products/rainbow-bikini-red.html]
[sunsecrets.no/products/rainbow-bikini-rose-shine.html]
[sunsecrets.no/products/rainbow-bikini-turkis.html]
[sunsecrets.no/products/rainbow-bikini-white.html]
[sunsecrets.no/products/rainbow-bikini-yellow.html]
[sunsecrets.no/products/riviera-hvit.html]
[sunsecrets.no/cdn/shop/files/riviera-white-val-04_1_1024x10241c0c.jpg]
[sunsecrets.no/products/riviera-marinebla.html]
[sunsecrets.no/cdn/shop/files/iza-riviera-azul-01-900-x-1350-px_1024x10240e8a.jpg]
[sunsecrets.no/products/bikini-st-tropez-hvit-navy.html]
[sunsecrets.no/cdn/shop/files/navy-04_1024x10248785.jpg]
[sunsecrets.no/products/bikini-st-tropez-navy.html]
[sunsecrets.no/cdn/shop/files/navy-01_1_1024x1024bf9a.jpg]
[sunsecrets.no/products/bikini-st-tropez-hvit.html]
[sunsecrets.no/cdn/shop/files/val-02_1_1024x1024b04b.jpg]
[sunsecrets.no/products/versailles-bikini-med-striper.html]
[sunsecrets.no/cdn/shop/files/versallesstriper_1024x1024a36a.jpg]
[sunsecrets.no/collections/all.html]
[sunsecrets.no/search.html]
[sunsecrets.no/pages/POST]
[sunsecrets.no/pages/luxury-collection.html]
[sunsecrets.no/collections/rainbow-collection.atom]
[sunsecrets.no/collections/rainbow-collection.oembed]
[sunsecrets.no/collections/rainbow-collectiond07c.html]
[sunsecrets.no/collections/rainbow-collection51e5.html]
[sunsecrets.no/collections/rainbow-collection911b.html]
[sunsecrets.no/collections/rainbow-collection0466.html]
[sunsecrets.no/collections/rainbow-collection7c28.html]
[sunsecrets.no/collections/rainbow-collection87b3.html]
[sunsecrets.no/collections/rainbow-collection6868.html]
[sunsecrets.no/collections/rainbow-collection.html]
[sunsecrets.no/collections/rainbow-collection3f84.html]
[sunsecrets.no/pages/om-oss.html]
[sunsecrets.no/cart.html]
[sunsecrets.no/products/provence-badedrakt.oembed]
[sunsecrets.no/cdn/shop/t/3/compiled_assets/scripts8d5e.js]
[sunsecrets.no/products/POST]
[sunsecrets.no/cdn/shop/files/val-maio-azul-028176.jpg]
[sunsecrets.no/cdn/shop/files/val-maio-azul-0300c3.jpg]
[sunsecrets.no/cdn/shop/files/val-maio-azul-03_1024x102400c3.jpg]
[sunsecrets.no/cdn/shop/files/val-maio-azul-018176.jpg]
[sunsecrets.no/cdn/shop/files/val-maio-azul-01_1024x10248176.jpg]
[sunsecrets.no/cdn/shop/files/mi-maio-azul-0100c3.jpg]
[sunsecrets.no/cdn/shop/files/mi-maio-azul-01_1024x102400c3.jpg]
[sunsecrets.no/cdn/shop/files/iza-maio-azul-0100c3.jpg]
[sunsecrets.no/cdn/shop/files/iza-maio-azul-01_1024x102400c3.jpg]
[sunsecrets.no/cdn/shop/files/iza-maio-azul-0200c3.jpg]
[sunsecrets.no/cdn/shop/files/iza-maio-azul-02_1024x102400c3.jpg]
[sunsecrets.no/products/provence-badedrakt.html]
[sunsecrets.no/collections/vendors2abb.html]
[sunsecrets.no/products/bikini-st-tropez-stripete.oembed]
[sunsecrets.no/cdn/shop/files/val-03f3a3.jpg]
[sunsecrets.no/cdn/shop/files/val-02f3a3.jpg]
[sunsecrets.no/cdn/shop/files/val-02_1024x1024f3a3.jpg]
[sunsecrets.no/cdn/shop/files/val-01_1f3a3.jpg]
[sunsecrets.no/cdn/shop/files/val-01_1_1024x1024f3a3.jpg]
[sunsecrets.no/products/bikini-st-tropez-stripete.html]
[sunsecrets.no/products/cannes-bikini-hvit.oembed]
[sunsecrets.no/cdn/shop/files/06a746.jpg]
[sunsecrets.no/cdn/shop/files/04fd32.jpg]
[sunsecrets.no/cdn/shop/files/04_1024x1024fd32.jpg]
[sunsecrets.no/cdn/shop/files/29_579f5bc2-0235-458e-81a1-911745fa6f6cfd32.jpg]
[sunsecrets.no/cdn/shop/files/29_579f5bc2-0235-458e-81a1-911745fa6f6c_1024x1024fd32.jpg]
[sunsecrets.no/cdn/shop/files/28_03c98b84-72b5-4be2-8b0a-468dd2a1e4a9fd32.jpg]
[sunsecrets.no/cdn/shop/files/28_03c98b84-72b5-4be2-8b0a-468dd2a1e4a9_1024x1024fd32.jpg]
[sunsecrets.no/products/cannes-bikini-hvit.html]
[sunsecrets.no/collections/vendors39e4.html]
[sunsecrets.no/products/riviera-stripete.oembed]
[sunsecrets.no/cdn/shop/files/val-02-riv-listradobba6.jpg]
[sunsecrets.no/cdn/shop/files/val-03-riv-listradoc858.jpg]
[sunsecrets.no/cdn/shop/files/val-03-riv-listrado_1024x1024c858.jpg]
[sunsecrets.no/products/riviera-stripete.html]
[sunsecrets.no/products/rainbow-bikini-lavendal.oembed]
[sunsecrets.no/collections/rainbow-collection/products/POST]
[sunsecrets.no/cdn/shop/files/lavanda-010b05.jpg]
[sunsecrets.no/cdn/shop/files/lavanda-030b05.jpg]
[sunsecrets.no/cdn/shop/files/lavanda-03_1024x10240b05.jpg]
[sunsecrets.no/cdn/shop/files/lavanda-040b05.jpg]
[sunsecrets.no/collections/rainbow-collection/products/rainbow-bikini-lavendal.html]
[sunsecrets.no/cdn/shop/files/lavanda-04_1024x10240b05.jpg]
[sunsecrets.no/products/rainbow-bikini-purple.oembed]
[sunsecrets.no/cdn/shop/files/cana-rio-09d5c8.jpg]
[sunsecrets.no/cdn/shop/files/purple-04d5c8.jpg]
[sunsecrets.no/cdn/shop/files/purple-04_1024x1024d5c8.jpg]
[sunsecrets.no/collections/rainbow-collection/products/rainbow-bikini-purple.html]
[sunsecrets.no/products/rainbow-bikini-bubble-gum-pink.oembed]
[sunsecrets.no/cdn/shop/files/chiclete-07e3a7.jpg]
[sunsecrets.no/cdn/shop/files/chiclete-08e3a7.jpg]
[sunsecrets.no/cdn/shop/files/chiclete-08_1024x1024e3a7.jpg]
[sunsecrets.no/cdn/shop/files/chiclete-02e3a7.jpg]
[sunsecrets.no/cdn/shop/files/chiclete-02_1024x1024e3a7.jpg]
[sunsecrets.no/cdn/shop/files/chiclete-10e3a7.jpg]
[sunsecrets.no/cdn/shop/files/chiclete-10_1024x1024e3a7.jpg]
[sunsecrets.no/cdn/shop/files/chiclete-03e3a7.jpg]
[sunsecrets.no/cdn/shop/files/chiclete-03_1024x1024e3a7.jpg]
[sunsecrets.no/cdn/shop/files/chiclete-09e3a7.jpg]
[sunsecrets.no/cdn/shop/files/chiclete-09_1024x1024e3a7.jpg]
[sunsecrets.no/collections/rainbow-collection/products/rainbow-bikini-bubble-gum-pink.html]
[sunsecrets.no/products/rainbow-bikini-rose-shine.oembed]
[sunsecrets.no/cdn/shop/files/rosa-fluor-13ff4e.jpg]
[sunsecrets.no/cdn/shop/files/rosa-fluor-1408ee.jpg]
[sunsecrets.no/cdn/shop/files/rosa-fluor-14_1024x102408ee.jpg]
[sunsecrets.no/cdn/shop/files/rosa-fluor-15ff4e.jpg]
[sunsecrets.no/cdn/shop/files/rosa-fluor-15_1024x1024ff4e.jpg]
[sunsecrets.no/cdn/shop/files/rosa-fluor-1608ee.jpg]
[sunsecrets.no/cdn/shop/files/rosa-fluor-16_1024x102408ee.jpg]
[sunsecrets.no/cdn/shop/files/rose-012e62.jpg]
[sunsecrets.no/cdn/shop/files/rose-01_1024x10242e62.jpg]
[sunsecrets.no/cdn/shop/files/rosa-fluor-10_1ff4e.jpg]
[sunsecrets.no/cdn/shop/files/rosa-fluor-10_1_1024x1024ff4e.jpg]
[sunsecrets.no/cdn/shop/files/rosa-fluor-608ee.jpg]
[sunsecrets.no/cdn/shop/files/rosa-fluor-6_1024x102408ee.jpg]
[sunsecrets.no/cdn/shop/files/rosa-fluor-0508ee.jpg]
[sunsecrets.no/cdn/shop/files/rosa-fluor-05_1024x102408ee.jpg]
[sunsecrets.no/cdn/shop/files/rose-07ff4e.jpg]
[sunsecrets.no/cdn/shop/files/rose-07_1024x1024ff4e.jpg]
[sunsecrets.no/cdn/shop/files/rose-062e62.jpg]
[sunsecrets.no/cdn/shop/files/rose-06_1024x10242e62.jpg]
[sunsecrets.no/cdn/shop/files/rose-0508ee.jpg]
[sunsecrets.no/cdn/shop/files/rose-05_1024x102408ee.jpg]
[sunsecrets.no/cdn/shop/files/rose-0408ee.jpg]
[sunsecrets.no/cdn/shop/files/rose-04_1024x102408ee.jpg]
[sunsecrets.no/cdn/shop/files/rose-03ff4e.jpg]
[sunsecrets.no/collections/rainbow-collection/products/rainbow-bikini-rose-shine.html]
[sunsecrets.no/cdn/shop/files/rose-03_1024x1024ff4e.jpg]
[sunsecrets.no/products/rainbow-bikini-pink.oembed]
[sunsecrets.no/cdn/shop/files/pink-01e55c.jpg]
[sunsecrets.no/cdn/shop/files/pink-02d657.jpg]
[sunsecrets.no/cdn/shop/files/pink-02_1024x1024d657.jpg]
[sunsecrets.no/cdn/shop/files/pink-03d657.jpg]
[sunsecrets.no/cdn/shop/files/pink-03_1024x1024d657.jpg]
[sunsecrets.no/cdn/shop/files/pink-04e55c.jpg]
[sunsecrets.no/cdn/shop/files/pink-04_1024x1024e55c.jpg]
[sunsecrets.no/cdn/shop/files/purple-05_10503.jpg]
[sunsecrets.no/collections/rainbow-collection/products/rainbow-bikini-pink.html]
[sunsecrets.no/cdn/shop/files/purple-05_1_1024x10240503.jpg]
[sunsecrets.no/products/rainbow-bikini-red.oembed]
[sunsecrets.no/cdn/shop/files/red-14e6a4.jpg]
[sunsecrets.no/cdn/shop/files/red-135c46.jpg]
[sunsecrets.no/cdn/shop/files/red-13_1024x10245c46.jpg]
[sunsecrets.no/cdn/shop/files/red-115c46.jpg]
[sunsecrets.no/cdn/shop/files/red-11_1024x10245c46.jpg]
[sunsecrets.no/cdn/shop/files/red-055c46.jpg]
[sunsecrets.no/cdn/shop/files/red-05_1024x10245c46.jpg]
[sunsecrets.no/cdn/shop/files/red-035c46.jpg]
[sunsecrets.no/cdn/shop/files/red-03_1024x10245c46.jpg]
[sunsecrets.no/cdn/shop/files/red-025c46.jpg]
[sunsecrets.no/cdn/shop/files/red-02_1024x10245c46.jpg]
[sunsecrets.no/cdn/shop/files/red-045c46.jpg]
[sunsecrets.no/cdn/shop/files/red-04_1024x10245c46.jpg]
[sunsecrets.no/collections/rainbow-collection/products/rainbow-bikini-red.html]
[sunsecrets.no/products/rainbow-bikini-orange.oembed]
[sunsecrets.no/cdn/shop/files/orange-12d13a.jpg]
[sunsecrets.no/cdn/shop/files/orange-15d13a.jpg]
[sunsecrets.no/cdn/shop/files/orange-15_1024x1024d13a.jpg]
[sunsecrets.no/cdn/shop/files/orange-01d13a.jpg]
[sunsecrets.no/cdn/shop/files/orange-01_1024x1024d13a.jpg]
[sunsecrets.no/cdn/shop/files/orange-03d13a.jpg]
[sunsecrets.no/cdn/shop/files/orange-03_1024x1024d13a.jpg]
[sunsecrets.no/cdn/shop/files/orange-09d13a.jpg]
[sunsecrets.no/cdn/shop/files/orange-09_1024x1024d13a.jpg]
[sunsecrets.no/cdn/shop/files/orange-10d13a.jpg]
[sunsecrets.no/cdn/shop/files/orange-10_1024x1024d13a.jpg]
[sunsecrets.no/cdn/shop/files/orange-13d13a.jpg]
[sunsecrets.no/collections/rainbow-collection/products/rainbow-bikini-orange.html]
[sunsecrets.no/cdn/shop/files/orange-13_1024x1024d13a.jpg]
[sunsecrets.no/products/rainbow-bikini-yellow.oembed]
[sunsecrets.no/cdn/shop/files/yellow-0116f8.jpg]
[sunsecrets.no/cdn/shop/files/yellow-0216f8.jpg]
[sunsecrets.no/cdn/shop/files/yellow-02_1024x102416f8.jpg]
[sunsecrets.no/cdn/shop/files/yellow-0316f8.jpg]
[sunsecrets.no/cdn/shop/files/yellow-03_1024x102416f8.jpg]
[sunsecrets.no/cdn/shop/files/yellow-0416f8.jpg]
[sunsecrets.no/cdn/shop/files/yellow-04_1024x102416f8.jpg]
[sunsecrets.no/cdn/shop/files/yellow-0616f8.jpg]
[sunsecrets.no/cdn/shop/files/yellow-06_1024x102416f8.jpg]
[sunsecrets.no/cdn/shop/files/yellow-0516f8.jpg]
[sunsecrets.no/cdn/shop/files/yellow-05_1024x102416f8.jpg]
[sunsecrets.no/collections/rainbow-collection/products/rainbow-bikini-yellow.html]
[sunsecrets.no/products/rainbow-bikini-lime.oembed]
[sunsecrets.no/cdn/shop/files/green-139a3f.jpg]
[sunsecrets.no/cdn/shop/files/green-15bafc.jpg]
[sunsecrets.no/cdn/shop/files/green-15_1024x1024bafc.jpg]
[sunsecrets.no/cdn/shop/files/green-01bafc.jpg]
[sunsecrets.no/cdn/shop/files/green-01_1024x1024bafc.jpg]
[sunsecrets.no/cdn/shop/files/green-03bafc.jpg]
[sunsecrets.no/cdn/shop/files/green-03_1024x1024bafc.jpg]
[sunsecrets.no/cdn/shop/files/green-16bafc.jpg]
[sunsecrets.no/cdn/shop/files/green-16_1024x1024bafc.jpg]
[sunsecrets.no/cdn/shop/files/img-1534bafc.jpg]
[sunsecrets.no/cdn/shop/files/img-1534_1024x1024bafc.jpg]
[sunsecrets.no/cdn/shop/files/green-05bafc.jpg]
[sunsecrets.no/collections/rainbow-collection/products/rainbow-bikini-lime.html]
[sunsecrets.no/cdn/shop/files/green-05_1024x1024bafc.jpg]
[sunsecrets.no/products/rainbow-bikini-pistache.oembed]
[sunsecrets.no/cdn/shop/files/pistache-0292b1.jpg]
[sunsecrets.no/cdn/shop/files/pistache-016154.jpg]
[sunsecrets.no/cdn/shop/files/pistache-01_1024x10246154.jpg]
[sunsecrets.no/cdn/shop/files/pistache-036154.jpg]
[sunsecrets.no/cdn/shop/files/pistache-03_1024x10246154.jpg]
[sunsecrets.no/cdn/shop/files/pistache-0492b1.jpg]
[sunsecrets.no/cdn/shop/files/pistache-04_1024x102492b1.jpg]
[sunsecrets.no/cdn/shop/files/purple-0592b1.jpg]
[sunsecrets.no/collections/rainbow-collection/products/rainbow-bikini-pistache.html]
[sunsecrets.no/cdn/shop/files/purple-05_1024x102492b1.jpg]
[sunsecrets.no/products/rainbow-bikini-brazilian-green.oembed]
[sunsecrets.no/cdn/shop/files/bandeira-131183.jpg]
[sunsecrets.no/cdn/shop/files/bandeira-116051.jpg]
[sunsecrets.no/cdn/shop/files/bandeira-11_1024x10246051.jpg]
[sunsecrets.no/cdn/shop/files/bandeira-046051.jpg]
[sunsecrets.no/cdn/shop/files/bandeira-04_1024x10246051.jpg]
[sunsecrets.no/cdn/shop/files/bandeira-016051.jpg]
[sunsecrets.no/cdn/shop/files/bandeira-01_1024x10246051.jpg]
[sunsecrets.no/cdn/shop/files/bandeira-076051.jpg]
[sunsecrets.no/cdn/shop/files/bandeira-07_1024x10246051.jpg]
[sunsecrets.no/cdn/shop/files/bandeira-066051.jpg]
[sunsecrets.no/cdn/shop/files/bandeira-06_1024x10246051.jpg]
[sunsecrets.no/cdn/shop/files/bandeira-126051.jpg]
[sunsecrets.no/cdn/shop/files/bandeira-12_1024x10246051.jpg]
[sunsecrets.no/cdn/shop/files/bandeira-101183.jpg]
[sunsecrets.no/collections/rainbow-collection/products/rainbow-bikini-brazilian-green.html]
[sunsecrets.no/cdn/shop/files/bandeira-10_1024x10241183.jpg]
[sunsecrets.no/products/rainbow-bikini-army-green.oembed]
[sunsecrets.no/cdn/shop/files/military-103e30.jpg]
[sunsecrets.no/cdn/shop/files/military-023e30.jpg]
[sunsecrets.no/cdn/shop/files/military-02_1024x10243e30.jpg]
[sunsecrets.no/cdn/shop/files/military-043e30.jpg]
[sunsecrets.no/cdn/shop/files/military-04_1024x10243e30.jpg]
[sunsecrets.no/cdn/shop/files/military-033e30.jpg]
[sunsecrets.no/cdn/shop/files/military-03_1024x10243e30.jpg]
[sunsecrets.no/cdn/shop/files/military-133e30.jpg]
[sunsecrets.no/cdn/shop/files/military-13_1024x10243e30.jpg]
[sunsecrets.no/cdn/shop/files/military-123e30.jpg]
[sunsecrets.no/cdn/shop/files/military-12_1024x10243e30.jpg]
[sunsecrets.no/cdn/shop/files/military-1117ea.jpg]
[sunsecrets.no/cdn/shop/files/military-11_1024x102417ea.jpg]
[sunsecrets.no/collections/rainbow-collection/products/rainbow-bikini-army-green.html]
[sunsecrets.no/products/rainbow-bikini-jade.oembed]
[sunsecrets.no/cdn/shop/files/jade-025033.jpg]
[sunsecrets.no/cdn/shop/files/jade-03bba1.jpg]
[sunsecrets.no/cdn/shop/files/jade-03_1024x1024bba1.jpg]
[sunsecrets.no/cdn/shop/files/jade-045033.jpg]
[sunsecrets.no/cdn/shop/files/jade-04_1024x10245033.jpg]
[sunsecrets.no/cdn/shop/files/jade-015033.jpg]
[sunsecrets.no/collections/rainbow-collection/products/rainbow-bikini-jade.html]
[sunsecrets.no/cdn/shop/files/jade-01_1024x10245033.jpg]
[sunsecrets.no/products/rainbow-bikini-turkis.oembed]
[sunsecrets.no/cdn/shop/files/ciano-13f63b.jpg]
[sunsecrets.no/cdn/shop/files/ciano-14f63b.jpg]
[sunsecrets.no/cdn/shop/files/ciano-14_1024x1024f63b.jpg]
[sunsecrets.no/cdn/shop/files/ciano-06f63b.jpg]
[sunsecrets.no/cdn/shop/files/ciano-06_1024x1024f63b.jpg]
[sunsecrets.no/cdn/shop/files/ciano-11f63b.jpg]
[sunsecrets.no/cdn/shop/files/ciano-11_1024x1024f63b.jpg]
[sunsecrets.no/cdn/shop/files/ciano-15248f.jpg]
[sunsecrets.no/cdn/shop/files/ciano-15_1024x1024248f.jpg]
[sunsecrets.no/cdn/shop/files/ciano-17248f.jpg]
[sunsecrets.no/cdn/shop/files/ciano-17_1024x1024248f.jpg]
[sunsecrets.no/cdn/shop/files/ciano-07248f.jpg]
[sunsecrets.no/collections/rainbow-collection/products/rainbow-bikini-turkis.html]
[sunsecrets.no/cdn/shop/files/ciano-07_1024x1024248f.jpg]
[sunsecrets.no/products/rainbow-bikini-black.oembed]
[sunsecrets.no/cdn/shop/files/full-black-155cba.jpg]
[sunsecrets.no/cdn/shop/files/full-black-136591.jpg]
[sunsecrets.no/cdn/shop/files/full-black-13_1024x10246591.jpg]
[sunsecrets.no/cdn/shop/files/full-black-026591.jpg]
[sunsecrets.no/cdn/shop/files/full-black-02_1024x10246591.jpg]
[sunsecrets.no/cdn/shop/files/full-black-056591.jpg]
[sunsecrets.no/cdn/shop/files/full-black-05_1024x10246591.jpg]
[sunsecrets.no/cdn/shop/files/full-black-166591.jpg]
[sunsecrets.no/cdn/shop/files/full-black-16_1024x10246591.jpg]
[sunsecrets.no/cdn/shop/files/full-black-146591.jpg]
[sunsecrets.no/cdn/shop/files/full-black-14_1024x10246591.jpg]
[sunsecrets.no/cdn/shop/files/full-black-086591.jpg]
[sunsecrets.no/collections/rainbow-collection/products/rainbow-bikini-black.html]
[sunsecrets.no/cdn/shop/files/full-black-08_1024x10246591.jpg]
[sunsecrets.no/products/rainbow-bikini-white.oembed]
[sunsecrets.no/cdn/shop/files/branco-11b55a.jpg]
[sunsecrets.no/cdn/shop/files/branco-13b55a.jpg]
[sunsecrets.no/cdn/shop/files/branco-13_1024x1024b55a.jpg]
[sunsecrets.no/cdn/shop/files/branco-01b55a.jpg]
[sunsecrets.no/cdn/shop/files/branco-01_1024x1024b55a.jpg]
[sunsecrets.no/cdn/shop/files/branco-06b55a.jpg]
[sunsecrets.no/cdn/shop/files/branco-06_1024x1024b55a.jpg]
[sunsecrets.no/cdn/shop/files/branco-12b55a.jpg]
[sunsecrets.no/cdn/shop/files/branco-12_1024x1024b55a.jpg]
[sunsecrets.no/cdn/shop/files/branco-14d1a7.jpg]
[sunsecrets.no/cdn/shop/files/branco-14_1024x1024d1a7.jpg]
[sunsecrets.no/cdn/shop/files/cax-02_1d1a7.jpg]
[sunsecrets.no/collections/rainbow-collection/products/rainbow-bikini-white.html]
[sunsecrets.no/cdn/shop/files/cax-02_1_1024x1024d1a7.jpg]
[sunsecrets.no/cdn/shopifycloud/shopify/assets/storefront/policy-3e4aa3c07a3a61780d16bc4b828d2fef9e1a20a44aae36e029a7b98e5ee5a4d0.css]
[sunsecrets.no/policies/POST]
[sunsecrets.no/policies/terms-of-service.html]
[sunsecrets.no/policies/privacy-policy.html]
[sunsecrets.no/collections/POST.html]
[sunsecrets.no/collections/all51e5.html]
[sunsecrets.no/collections/all911b.html]
[sunsecrets.no/collections/all0466.html]
[sunsecrets.no/collections/all7c28.html]
[sunsecrets.no/collections/all87b3.html]
[sunsecrets.no/collections/all6868.html]
[sunsecrets.no/collections/all3f84.html]
[sunsecrets.no/products/bikini-riviera-nautisk.oembed]
[sunsecrets.no/cdn/shop/files/bkrvn-01fec7.jpg]
[sunsecrets.no/cdn/shop/files/img-9314f39d.jpg]
[sunsecrets.no/cdn/shop/files/img-9314_1024x1024f39d.jpg]
[sunsecrets.no/cdn/shop/files/bkrvn-02fec7.jpg]
[sunsecrets.no/products/bikini-riviera-nautisk.html]
[sunsecrets.no/cdn/shop/files/bkrvn-02_1024x1024fec7.jpg]
[sunsecrets.no/products/bikini-cannes-marinebla.oembed]
[sunsecrets.no/cdn/shop/files/biq-cannes-val-blue-02-900-x-1350ef6b.jpg]
[sunsecrets.no/cdn/shop/files/biq-cannes-val-blue-04-900-x-1350ef6b.jpg]
[sunsecrets.no/products/bikini-cannes-marinebla.html]
[sunsecrets.no/cdn/shop/files/biq-cannes-val-blue-04-900-x-1350_1024x1024ef6b.jpg]
[sunsecrets.no/products/cannes-bikinig-navy.oembed]
[sunsecrets.no/cdn/shop/files/bkrvn-01_ecbb3b6c-4528-4233-a0bb-5c404927d9636043.jpg]
[sunsecrets.no/cdn/shop/files/bkrvn-02_412ce2ec-0993-4ac8-8da6-f7cba75c88cb6043.jpg]
[sunsecrets.no/cdn/shop/files/bkrvn-02_412ce2ec-0993-4ac8-8da6-f7cba75c88cb_1024x10246043.jpg]
[sunsecrets.no/cdn/shop/files/bkrvn-04_845e4893-1c3f-4f9a-9c2c-9cd5fe09c9456043.jpg]
[sunsecrets.no/cdn/shop/files/bkrvn-04_845e4893-1c3f-4f9a-9c2c-9cd5fe09c945_1024x10246043.jpg]
[sunsecrets.no/cdn/shop/files/bkrvn-05_e5b9e60d-c7fa-46ed-945b-c7236c7e879f6043.jpg]
[sunsecrets.no/cdn/shop/files/bkrvn-05_e5b9e60d-c7fa-46ed-945b-c7236c7e879f_1024x10246043.jpg]
[sunsecrets.no/products/cannes-bikinig-navy.html]
[sunsecrets.no/products/cannes-bikini-striper.oembed]
[sunsecrets.no/cdn/shop/files/dai-024471.jpg]
[sunsecrets.no/cdn/shop/files/dai-014471.jpg]
[sunsecrets.no/cdn/shop/files/dai-01_1024x10244471.jpg]
[sunsecrets.no/cdn/shop/files/biq-cannes-iza-listrado-01-900-x-13504471.jpg]
[sunsecrets.no/cdn/shop/files/biq-cannes-iza-listrado-01-900-x-1350_1024x10244471.jpg]
[sunsecrets.no/cdn/shop/files/biq-cannes-iza-listrado-02-900-x-13504471.jpg]
[sunsecrets.no/cdn/shop/files/biq-cannes-iza-listrado-02-900-x-1350_1024x10244471.jpg]
[sunsecrets.no/cdn/shop/files/biq-cannes-michele-listrado-01-900-x-13504471.jpg]
[sunsecrets.no/cdn/shop/files/biq-cannes-michele-listrado-01-900-x-1350_1024x10244471.jpg]
[sunsecrets.no/cdn/shop/files/biq-cannes-val-listrado-01-900-x-13504471.jpg]
[sunsecrets.no/cdn/shop/files/biq-cannes-val-listrado-01-900-x-1350_1024x10244471.jpg]
[sunsecrets.no/cdn/shop/files/biq-cannes-val-listrado-02-900-x-13504471.jpg]
[sunsecrets.no/cdn/shop/files/biq-cannes-val-listrado-02-900-x-1350_1024x10244471.jpg]
[sunsecrets.no/products/cannes-bikini-striper.html]
[sunsecrets.no/products/monaco-hvit.oembed]
[sunsecrets.no/cdn/shop/files/valeria-01-mo-naco-brancoa070.jpg]
[sunsecrets.no/cdn/shop/files/iza-01-mo-naco-branco157d.jpg]
[sunsecrets.no/cdn/shop/files/iza-01-mo-naco-branco_1024x1024157d.jpg]
[sunsecrets.no/cdn/shop/files/iza-02-mo-naco-branco157d.jpg]
[sunsecrets.no/cdn/shop/files/iza-02-mo-naco-branco_1024x1024157d.jpg]
[sunsecrets.no/cdn/shop/files/mi-01-mo-naco-branco157d.jpg]
[sunsecrets.no/cdn/shop/files/mi-01-mo-naco-branco_1024x1024157d.jpg]
[sunsecrets.no/cdn/shop/files/mi-02-mo-naco-branco157d.jpg]
[sunsecrets.no/cdn/shop/files/mi-02-mo-naco-branco_1024x1024157d.jpg]
[sunsecrets.no/cdn/shop/files/valeria-02-mo-naco-branco157d.jpg]
[sunsecrets.no/cdn/shop/files/valeria-02-mo-naco-branco_1024x1024157d.jpg]
[sunsecrets.no/products/monaco-hvit.html]
[sunsecrets.no/products/bikini-monaco-marinebla.oembed]
[sunsecrets.no/cdn/shop/files/val-02-monaco-azulf89a.jpg]
[sunsecrets.no/cdn/shop/files/val-01-monaco-azulf89a.jpg]
[sunsecrets.no/products/bikini-monaco-marinebla.html]
[sunsecrets.no/cdn/shop/files/val-01-monaco-azul_1024x1024f89a.jpg]
[sunsecrets.no/products/monaco-bikini-striper.oembed]
[sunsecrets.no/cdn/shop/files/helena-019966.jpg]
[sunsecrets.no/cdn/shop/files/helena-029966.jpg]
[sunsecrets.no/cdn/shop/files/helena-02_1024x10249966.jpg]
[sunsecrets.no/cdn/shop/files/val-02_cfab6a00-fb66-49cf-af84-520d50a5cdab9966.jpg]
[sunsecrets.no/cdn/shop/files/val-02_cfab6a00-fb66-49cf-af84-520d50a5cdab_1024x10249966.jpg]
[sunsecrets.no/cdn/shop/files/helena-039966.jpg]
[sunsecrets.no/cdn/shop/files/helena-03_1024x10249966.jpg]
[sunsecrets.no/cdn/shop/files/mich-019966.jpg]
[sunsecrets.no/cdn/shop/files/mich-01_1024x10249966.jpg]
[sunsecrets.no/products/monaco-bikini-striper.html]
[sunsecrets.no/products/provence-badedrakt-hvit.oembed]
[sunsecrets.no/cdn/shop/files/val-04cb21.jpg]
[sunsecrets.no/cdn/shop/files/val-055eaa.jpg]
[sunsecrets.no/cdn/shop/files/val-05_1024x10245eaa.jpg]
[sunsecrets.no/cdn/shop/files/val-0102d1.jpg]
[sunsecrets.no/cdn/shop/files/val-01_1024x102402d1.jpg]
[sunsecrets.no/products/provence-badedrakt-hvit.html]
[sunsecrets.no/products/provence-badedrakt-striper.oembed]
[sunsecrets.no/cdn/shop/files/iza-02-maio-listradod831.jpg]
[sunsecrets.no/cdn/shop/files/mich-01-mio-listradod831.jpg]
[sunsecrets.no/products/provence-badedrakt-striper.html]
[sunsecrets.no/products/rainbow-bikini-army-green.html]
[sunsecrets.no/products/rainbow-bikini-black.html]
[sunsecrets.no/products/rainbow-bikini-brazilian-green.html]
[sunsecrets.no/products/rainbow-bikini-bubble-gum-pink.html]
[sunsecrets.no/products/rainbow-bikini-jade.html]
[sunsecrets.no/products/rainbow-bikini-lavendal.html]
[sunsecrets.no/products/rainbow-bikini-lime.html]
[sunsecrets.no/products/rainbow-bikini-orange.html]
[sunsecrets.no/products/rainbow-bikini-pink.html]
[sunsecrets.no/products/rainbow-bikini-pistache.html]
[sunsecrets.no/products/rainbow-bikini-purple.html]
[sunsecrets.no/products/rainbow-bikini-red.html]
[sunsecrets.no/products/rainbow-bikini-rose-shine.html]
[sunsecrets.no/products/rainbow-bikini-turkis.html]
[sunsecrets.no/products/rainbow-bikini-white.html]
[sunsecrets.no/products/rainbow-bikini-yellow.html]
[sunsecrets.no/cdn/shop/files/mich-01-mio-listrado_1024x1024d831.jpg]
[sunsecrets.no/products/riviera-hvit.oembed]
[sunsecrets.no/cdn/shop/files/riviera-white-val-04_11c0c.jpg]
[sunsecrets.no/cdn/shop/files/riviera-white-iza-015bd9.jpg]
[sunsecrets.no/products/riviera-hvit.html]
[sunsecrets.no/cdn/shop/files/riviera-white-iza-01_1024x10245bd9.jpg]
[sunsecrets.no/products/riviera-marinebla.oembed]
[sunsecrets.no/cdn/shop/files/iza-riviera-azul-01-900-x-1350-px0e8a.jpg]
[sunsecrets.no/cdn/shop/files/val-riviera-azul-02-900-x-1350-px0e8a.jpg]
[sunsecrets.no/cdn/shop/files/val-riviera-azul-02-900-x-1350-px_1024x10240e8a.jpg]
[sunsecrets.no/cdn/shop/files/mi-riviera-azul-01-900-x-1350-px0e8a.jpg]
[sunsecrets.no/cdn/shop/files/mi-riviera-azul-01-900-x-1350-px_1024x10240e8a.jpg]
[sunsecrets.no/cdn/shop/files/iza-riviera-azul-02-900-x-1350-pxe227.jpg]
[sunsecrets.no/cdn/shop/files/iza-riviera-azul-02-900-x-1350-px_1024x1024e227.jpg]
[sunsecrets.no/cdn/shop/files/iza-riviera-azul-01-900-x-1350-px_1e227.jpg]
[sunsecrets.no/cdn/shop/files/iza-riviera-azul-01-900-x-1350-px_1_1024x1024e227.jpg]
[sunsecrets.no/cdn/shop/files/mi-riviera-azul-02-900-x-1350-px0e8a.jpg]
[sunsecrets.no/products/riviera-marinebla.html]
[sunsecrets.no/cdn/shop/files/mi-riviera-azul-02-900-x-1350-px_1024x10240e8a.jpg]
[sunsecrets.no/products/bikini-st-tropez-hvit-navy.oembed]
[sunsecrets.no/cdn/shop/files/navy-048785.jpg]
[sunsecrets.no/cdn/shop/files/navy-028785.jpg]
[sunsecrets.no/cdn/shop/files/navy-02_1024x10248785.jpg]
[sunsecrets.no/cdn/shop/files/navy-018785.jpg]
[sunsecrets.no/cdn/shop/files/navy-01_1024x10248785.jpg]
[sunsecrets.no/cdn/shop/files/navy-056a1a.jpg]
[sunsecrets.no/cdn/shop/files/navy-05_1024x10246a1a.jpg]
[sunsecrets.no/products/bikini-st-tropez-hvit-navy.html]
[sunsecrets.no/products/bikini-st-tropez-navy.oembed]
[sunsecrets.no/cdn/shop/files/navy-01_1bf9a.jpg]
[sunsecrets.no/cdn/shop/files/navy-03ada7.jpg]
[sunsecrets.no/cdn/shop/files/navy-03_1024x1024ada7.jpg]
[sunsecrets.no/cdn/shop/files/navy-04_1ada7.jpg]
[sunsecrets.no/cdn/shop/files/navy-04_1_1024x1024ada7.jpg]
[sunsecrets.no/cdn/shop/files/navy-02_1ada7.jpg]
[sunsecrets.no/cdn/shop/files/navy-02_1_1024x1024ada7.jpg]
[sunsecrets.no/products/bikini-st-tropez-navy.html]
[sunsecrets.no/products/bikini-st-tropez-hvit.oembed]
[sunsecrets.no/cdn/shop/files/val-02_1b04b.jpg]
[sunsecrets.no/cdn/shop/files/val-01_2b04b.jpg]
[sunsecrets.no/cdn/shop/files/val-01_2_1024x1024b04b.jpg]
[sunsecrets.no/cdn/shop/files/29b04b.jpg]
[sunsecrets.no/cdn/shop/files/29_1024x1024b04b.jpg]
[sunsecrets.no/cdn/shop/files/28b04b.jpg]
[sunsecrets.no/cdn/shop/files/28_1024x1024b04b.jpg]
[sunsecrets.no/cdn/shop/files/27b04b.jpg]
[sunsecrets.no/cdn/shop/files/27_1024x1024b04b.jpg]
[sunsecrets.no/cdn/shop/files/30b04b.jpg]
[sunsecrets.no/cdn/shop/files/30_1024x1024b04b.jpg]
[sunsecrets.no/cdn/shop/files/img-4908c2bb.jpg]
[sunsecrets.no/products/bikini-st-tropez-hvit.html]
[sunsecrets.no/cdn/shop/files/img-4908_1024x1024c2bb.jpg]
[sunsecrets.no/products/versailles-bikini-med-striper.oembed]
[sunsecrets.no/cdn/shop/files/versallesstripera36a.jpg]
[sunsecrets.no/cdn/shop/files/versaillesstriper0257e7.jpg]
[sunsecrets.no/cdn/shop/files/versaillesstriper02_1024x102457e7.jpg]
[sunsecrets.no/products/versailles-bikini-med-striper.html]
[sunsecrets.no/pages/POST.html]
[sunsecrets.no/collections/rainbow-collectiond07c.html]
[sunsecrets.no/collections/rainbow-collection51e5.html]
[sunsecrets.no/collections/rainbow-collection911b.html]
[sunsecrets.no/collections/rainbow-collection0466.html]
[sunsecrets.no/collections/rainbow-collection7c28.html]
[sunsecrets.no/collections/rainbow-collection87b3.html]
[sunsecrets.no/collections/rainbow-collection6868.html]
[sunsecrets.no/collections/rainbow-collection3f84.html]
[sunsecrets.no/products/POST.html]
[sunsecrets.no/collections/vendorsefcf.html]
[sunsecrets.no/collections/vendors51e5.html]
[sunsecrets.no/collections/vendors911b.html]
[sunsecrets.no/collections/vendors0466.html]
[sunsecrets.no/collections/vendors7c28.html]
[sunsecrets.no/collections/vendors87b3.html]
[sunsecrets.no/collections/vendors6868.html]
[sunsecrets.no/collections/vendors2abb.html]
[sunsecrets.no/collections/vendors3f84.html]
[sunsecrets.no/collections/vendors39e4.html]
[sunsecrets.no/collections/rainbow-collection/products/POST.html]
[sunsecrets.no/policies/POST.html]
[sunsecrets.no/collections/vendorsefcf.html]
[sunsecrets.no/collections/vendors478f.html]
[sunsecrets.no/collections/vendors51e5.html]
[sunsecrets.no/collections/vendors911b.html]
[sunsecrets.no/collections/vendors0466.html]
[sunsecrets.no/collections/vendors7c28.html]
[sunsecrets.no/collections/vendors87b3.html]
[sunsecrets.no/collections/vendors6868.html]
[sunsecrets.no/collections/vendors3f84.html]
[sunsecrets.no/collections/vendors478f.html]
[sunsecrets.no/collections/vendors.html]
[sunsecrets.no/collections/vendors.html]
[sunsecrets.no/cdn/fonts/americana/americana_n7.dd29a55af4a70b7c14bb52dbc2c66d28ecc4549c53e7.woff2]
[sunsecrets.no/cdn/shopifycloud/shopify/assets/shop_events_listener-a7c63dba65ccddc484f77541dc8ca437e60e1e9e297fe1c3faebf6523a0ede9b.js]
[sunsecrets.no/cdn/shop/t/3/assets/vendor.min082c.js]
[sunsecrets.no/cdn/s/trekkie.storefront.7451aa7e642b8d00aa9f5612ce76f4e77ca26077.min.js]
[sunsecrets.no/cdn/shopifycloud/boomerang/shopify-boomerang-1.0.0.min.js]
[sunsecrets.no/cdn/shop/t/3/assets/themec020.js]
[sunsecrets.no/cdn/shop/files/Frame_3074_1_1_1024x102466c2.jpg]
[sunsecrets.no/cdn/shop/files/Cover-Raindbow_7e674d8c-b4db-47a3-9faf-a506103bff56_1024x102437c5.jpg]
[sunsecrets.no/cdn/shop/t/3/assets/owl.video.play.png]
[sunsecrets.no/cdn/shop/t/3/assets/styles60b7.css]
[sunsecrets.no/cdn/shop/files/val-03_1024x1024f3a3.jpg]
[sunsecrets.no/cdn/shop/files/06_1024x1024a746.jpg]
[sunsecrets.no/cdn/shop/files/Dai-251_1024x102417fb.jpg]
[sunsecrets.no/cdn/shop/files/val-02-riv-listrado_1024x1024bba6.jpg]
[sunsecrets.no/cdn/shop/files/img-4908_f1b88cf5-e939-48e0-8cd1-e63b9c9ed291_1024x102474a9.jpg]
[sunsecrets.no/cdn/shop/files/lavanda-01_1024x10240b05.jpg]
[sunsecrets.no/cdn/shop/files/cana-rio-09_1024x1024d5c8.jpg]
[sunsecrets.no/cdn/shop/files/chiclete-07_1024x1024e3a7.jpg]
[sunsecrets.no/cdn/shop/files/rosa-fluor-13_1024x1024ff4e.jpg]
[sunsecrets.no/cdn/shop/files/pink-01_1024x1024e55c.jpg]
[sunsecrets.no/cdn/shop/files/red-14_1024x1024e6a4.jpg]
[sunsecrets.no/cdn/shop/files/orange-12_1024x1024d13a.jpg]
[sunsecrets.no/cdn/shop/files/pistache-02_1024x102492b1.jpg]
[sunsecrets.no/cdn/shop/files/bandeira-13_1024x10241183.jpg]
[sunsecrets.no/cdn/shop/files/branco-11_1024x1024b55a.jpg]
[sunsecrets.no/cdn/shop/files/full-black-15_1024x10245cba.jpg]
[sunsecrets.no/collections/all.html]
[cdn.shopify.com/static/shopify-favicon.png]
[sunsecrets.no/cdn/shop/files/logo-horizontal_310x5d42.svg]
[sunsecrets.no/collections/all.atom]
[sunsecrets.no/cdn/shop/files/bkrvn-01_1024x1024fec7.jpg]
[sunsecrets.no/cdn/shop/files/biq-cannes-val-blue-02-900-x-1350_1024x1024ef6b.jpg]
[sunsecrets.no/cdn/shop/files/bkrvn-01_ecbb3b6c-4528-4233-a0bb-5c404927d963_1024x10246043.jpg]
[sunsecrets.no/cdn/shop/files/dai-02_1024x10244471.jpg]
[sunsecrets.no/cdn/shop/files/valeria-01-mo-naco-branco_1024x1024a070.jpg]
[sunsecrets.no/cdn/shop/files/val-02-monaco-azul_1024x1024f89a.jpg]
[sunsecrets.no/cdn/shop/files/helena-01_1024x10249966.jpg]
[sunsecrets.no/cdn/shop/files/Frame_2_1_1024x10248137.jpg]
[sunsecrets.no/cdn/shop/files/val-maio-azul-02_1024x10248176.jpg]
[sunsecrets.no/cdn/shop/files/val-04_1024x1024cb21.jpg]
[sunsecrets.no/products/provence-badedrakt.html]
[sunsecrets.no/cdn/shop/files/iza-02-maio-listrado_1024x1024d831.jpg]
[sunsecrets.no/cdn/shop/files/riviera-white-val-04_1_1024x10241c0c.jpg]
[sunsecrets.no/cdn/shop/files/iza-riviera-azul-01-900-x-1350-px_1024x10240e8a.jpg]
[sunsecrets.no/cdn/shop/files/navy-04_1024x10248785.jpg]
[sunsecrets.no/cdn/shop/files/navy-01_1_1024x1024bf9a.jpg]
[sunsecrets.no/cdn/shop/files/val-02_1_1024x1024b04b.jpg]
[sunsecrets.no/cdn/shop/files/versallesstriper_1024x1024a36a.jpg]
[sunsecrets.no/collections/rainbow-collection.oembed]
[sunsecrets.no/collections/rainbow-collection.atom]
[sunsecrets.no/cdn/shop/files/mi-maio-azul-01_1024x102400c3.jpg]
[sunsecrets.no/cdn/shop/files/mi-maio-azul-0100c3.jpg]
[sunsecrets.no/products/provence-badedrakt.oembed]
[sunsecrets.no/cdn/shop/files/iza-maio-azul-0200c3.jpg]
[sunsecrets.no/cdn/shop/files/iza-maio-azul-02_1024x102400c3.jpg]
[sunsecrets.no/cdn/shop/files/val-03f3a3.jpg]
[sunsecrets.no/cdn/shop/files/val-02f3a3.jpg]
[sunsecrets.no/products/bikini-st-tropez-stripete.oembed]
[sunsecrets.no/products/bikini-st-tropez-stripete.html]
[sunsecrets.no/cdn/shop/files/val-01_1f3a3.jpg]
[sunsecrets.no/cdn/shop/files/val-01_1_1024x1024f3a3.jpg]
[sunsecrets.no/cdn/shop/files/val-02_1024x1024f3a3.jpg]
[sunsecrets.no/cdn/shop/files/06a746.jpg]
[sunsecrets.no/cdn/shop/files/04fd32.jpg]
[sunsecrets.no/products/cannes-bikini-hvit.oembed]
[sunsecrets.no/cdn/shop/files/04_1024x1024fd32.jpg]
[sunsecrets.no/cdn/shop/files/29_579f5bc2-0235-458e-81a1-911745fa6f6c_1024x1024fd32.jpg]
[sunsecrets.no/cdn/shop/files/28_03c98b84-72b5-4be2-8b0a-468dd2a1e4a9fd32.jpg]
[sunsecrets.no/cdn/shop/files/28_03c98b84-72b5-4be2-8b0a-468dd2a1e4a9_1024x1024fd32.jpg]
[sunsecrets.no/cdn/shop/files/val-02-riv-listradobba6.jpg]
[sunsecrets.no/cdn/shop/files/val-03-riv-listradoc858.jpg]
[sunsecrets.no/products/riviera-stripete.oembed]
[sunsecrets.no/cdn/shop/files/val-03-riv-listrado_1024x1024c858.jpg]
[sunsecrets.no/cdn/shop/files/lavanda-030b05.jpg]
[sunsecrets.no/cdn/shop/files/lavanda-03_1024x10240b05.jpg]
[sunsecrets.no/products/rainbow-bikini-lavendal.oembed]
[sunsecrets.no/cdn/shop/files/lavanda-040b05.jpg]
[sunsecrets.no/cdn/shop/files/lavanda-04_1024x10240b05.jpg]
[sunsecrets.no/cdn/shop/files/cana-rio-09d5c8.jpg]
[sunsecrets.no/cdn/shop/files/purple-04d5c8.jpg]
[sunsecrets.no/cdn/shop/files/purple-04_1024x1024d5c8.jpg]
[sunsecrets.no/products/cannes-bikini-hvit.html]
[sunsecrets.no/products/rainbow-bikini-purple.oembed]
[sunsecrets.no/cdn/shop/files/chiclete-07e3a7.jpg]
[sunsecrets.no/cdn/shop/files/chiclete-08e3a7.jpg]
[sunsecrets.no/cdn/shop/files/chiclete-08_1024x1024e3a7.jpg]
[sunsecrets.no/products/rainbow-bikini-bubble-gum-pink.oembed]
[sunsecrets.no/cdn/shop/files/chiclete-02e3a7.jpg]
[sunsecrets.no/cdn/shop/files/chiclete-02_1024x1024e3a7.jpg]
[sunsecrets.no/cdn/shop/files/chiclete-10e3a7.jpg]
[sunsecrets.no/cdn/shop/files/chiclete-10_1024x1024e3a7.jpg]
[sunsecrets.no/cdn/shop/files/chiclete-03e3a7.jpg]
[sunsecrets.no/cdn/shop/files/chiclete-03_1024x1024e3a7.jpg]
[sunsecrets.no/cdn/shop/files/chiclete-09e3a7.jpg]
[sunsecrets.no/cdn/shop/files/chiclete-09_1024x1024e3a7.jpg]
[sunsecrets.no/cdn/shop/files/rosa-fluor-13ff4e.jpg]
[sunsecrets.no/cdn/shop/files/rosa-fluor-1408ee.jpg]
[sunsecrets.no/cdn/shop/files/rosa-fluor-15ff4e.jpg]
[sunsecrets.no/cdn/shop/files/rosa-fluor-15_1024x1024ff4e.jpg]
[sunsecrets.no/products/rainbow-bikini-rose-shine.oembed]
[sunsecrets.no/cdn/shop/files/rosa-fluor-14_1024x102408ee.jpg]
[sunsecrets.no/products/riviera-stripete.html]
[sunsecrets.no/cdn/shop/files/rosa-fluor-1608ee.jpg]
[sunsecrets.no/cdn/shop/files/Dai-251_{width}x17fb.html]
[sunsecrets.no/cdn/shop/files/rosa-fluor-16_1024x102408ee.jpg]
[sunsecrets.no/cdn/shop/files/rose-012e62.jpg]
[sunsecrets.no/cdn/shop/files/rose-01_1024x10242e62.jpg]
[sunsecrets.no/cdn/shop/files/rosa-fluor-10_1ff4e.jpg]
[sunsecrets.no/cdn/shop/files/rosa-fluor-10_1_1024x1024ff4e.jpg]
[sunsecrets.no/cdn/shop/files/rosa-fluor-608ee.jpg]
[sunsecrets.no/cdn/shop/files/rosa-fluor-6_1024x102408ee.jpg]
[sunsecrets.no/cdn/shop/files/rosa-fluor-0508ee.jpg]
[sunsecrets.no/cdn/shop/files/rosa-fluor-05_1024x102408ee.jpg]
[sunsecrets.no/cdn/shop/files/rose-07ff4e.jpg]
[sunsecrets.no/cdn/shop/files/rose-07_1024x1024ff4e.jpg]
[sunsecrets.no/cdn/shop/files/rose-062e62.jpg]
[sunsecrets.no/cdn/shop/files/rose-06_1024x10242e62.jpg]
[sunsecrets.no/cdn/shop/files/rose-05_1024x102408ee.jpg]
[sunsecrets.no/cdn/shop/files/rose-0508ee.jpg]
[sunsecrets.no/cdn/shop/files/rose-0408ee.jpg]
[sunsecrets.no/cdn/shop/files/rose-04_1024x102408ee.jpg]
[sunsecrets.no/cdn/shop/files/rose-03ff4e.jpg]
[sunsecrets.no/cdn/shop/files/rose-03_1024x1024ff4e.jpg]
[sunsecrets.no/collections/rainbow-collection/products/rainbow-bikini-lavendal.html]
[sunsecrets.no/cdn/shop/files/pink-01e55c.jpg]
[sunsecrets.no/cdn/shop/files/pink-02d657.jpg]
[sunsecrets.no/cdn/shop/files/pink-02_1024x1024d657.jpg]
[sunsecrets.no/products/rainbow-bikini-pink.oembed]
[sunsecrets.no/cdn/shop/files/pink-03d657.jpg]
[sunsecrets.no/cdn/shop/files/pink-03_1024x1024d657.jpg]
[sunsecrets.no/cdn/shop/files/pink-04e55c.jpg]
[sunsecrets.no/cdn/shop/files/pink-04_1024x1024e55c.jpg]
[sunsecrets.no/cdn/shop/files/purple-05_10503.jpg]
[sunsecrets.no/cdn/shop/files/purple-05_1_1024x10240503.jpg]
[sunsecrets.no/cdn/shop/files/red-14e6a4.jpg]
[sunsecrets.no/cdn/shop/files/red-135c46.jpg]
[sunsecrets.no/products/rainbow-bikini-red.oembed]
[sunsecrets.no/cdn/shop/files/red-13_1024x10245c46.jpg]
[sunsecrets.no/cdn/shop/files/red-115c46.jpg]
[sunsecrets.no/cdn/shop/files/red-11_1024x10245c46.jpg]
[sunsecrets.no/cdn/shop/files/red-055c46.jpg]
[sunsecrets.no/cdn/shop/files/red-05_1024x10245c46.jpg]
[sunsecrets.no/cdn/shop/files/red-035c46.jpg]
[sunsecrets.no/collections/rainbow-collection/products/rainbow-bikini-purple.html]
[sunsecrets.no/cdn/shop/files/red-025c46.jpg]
[sunsecrets.no/cdn/shop/files/red-03_1024x10245c46.jpg]
[sunsecrets.no/cdn/shop/files/red-02_1024x10245c46.jpg]
[sunsecrets.no/cdn/shop/files/red-045c46.jpg]
[sunsecrets.no/cdn/shop/files/red-04_1024x10245c46.jpg]
[sunsecrets.no/cdn/shop/files/orange-12d13a.jpg]
[sunsecrets.no/cdn/shop/files/orange-15d13a.jpg]
[sunsecrets.no/products/rainbow-bikini-orange.oembed]
[sunsecrets.no/cdn/shop/files/orange-15_1024x1024d13a.jpg]
[sunsecrets.no/cdn/shop/files/orange-01d13a.jpg]
[sunsecrets.no/cdn/shop/files/orange-01_1024x1024d13a.jpg]
[sunsecrets.no/cdn/shop/files/orange-03d13a.jpg]
[sunsecrets.no/cdn/shop/files/orange-03_1024x1024d13a.jpg]
[sunsecrets.no/cdn/shop/files/orange-09d13a.jpg]
[sunsecrets.no/cdn/shop/files/orange-09_1024x1024d13a.jpg]
[sunsecrets.no/cdn/shop/files/orange-10d13a.jpg]
[sunsecrets.no/cdn/shop/files/orange-13d13a.jpg]
[sunsecrets.no/cdn/shop/files/orange-13_1024x1024d13a.jpg]
[sunsecrets.no/cdn/shop/files/orange-10_1024x1024d13a.jpg]
[sunsecrets.no/products/rainbow-bikini-yellow.oembed]
[sunsecrets.no/cdn/shop/files/yellow-0116f8.jpg]
[sunsecrets.no/cdn/shop/files/yellow-0216f8.jpg]
[sunsecrets.no/cdn/shop/files/yellow-02_1024x102416f8.jpg]
[sunsecrets.no/cdn/shop/files/yellow-0316f8.jpg]
[sunsecrets.no/collections/rainbow-collection/products/rainbow-bikini-bubble-gum-pink.html]
[sunsecrets.no/cdn/shop/files/yellow-03_1024x102416f8.jpg]
[sunsecrets.no/cdn/shop/files/yellow-0416f8.jpg]
[sunsecrets.no/cdn/shop/files/yellow-04_1024x102416f8.jpg]
[sunsecrets.no/cdn/shop/files/yellow-0616f8.jpg]
[sunsecrets.no/cdn/shop/files/yellow-0516f8.jpg]
[sunsecrets.no/cdn/shop/files/yellow-05_1024x102416f8.jpg]
[sunsecrets.no/cdn/shop/files/yellow-06_1024x102416f8.jpg]
[sunsecrets.no/cdn/shop/files/green-139a3f.jpg]
[sunsecrets.no/cdn/shop/files/green-15bafc.jpg]
[sunsecrets.no/cdn/shop/files/green-15_1024x1024bafc.jpg]
[sunsecrets.no/cdn/shop/files/green-01bafc.jpg]
[sunsecrets.no/products/rainbow-bikini-lime.oembed]
[sunsecrets.no/cdn/shop/files/green-01_1024x1024bafc.jpg]
[sunsecrets.no/cdn/shop/files/green-03bafc.jpg]
[sunsecrets.no/cdn/shop/files/green-03_1024x1024bafc.jpg]
[sunsecrets.no/cdn/shop/files/green-16bafc.jpg]
[sunsecrets.no/cdn/shop/files/green-16_1024x1024bafc.jpg]
[sunsecrets.no/cdn/shop/files/img-1534bafc.jpg]
[sunsecrets.no/cdn/shop/files/img-1534_1024x1024bafc.jpg]
[sunsecrets.no/cdn/shop/files/green-05bafc.jpg]
[sunsecrets.no/cdn/shop/files/green-05_1024x1024bafc.jpg]
[sunsecrets.no/cdn/shop/files/pistache-0292b1.jpg]
[sunsecrets.no/cdn/shop/files/pistache-016154.jpg]
[sunsecrets.no/cdn/shop/files/pistache-01_1024x10246154.jpg]
[sunsecrets.no/collections/rainbow-collection/products/rainbow-bikini-rose-shine.html]
[sunsecrets.no/cdn/shop/files/pistache-03_1024x10246154.jpg]
[sunsecrets.no/products/rainbow-bikini-pistache.oembed]
[sunsecrets.no/cdn/shop/files/pistache-036154.jpg]
[sunsecrets.no/cdn/shop/files/pistache-0492b1.jpg]
[sunsecrets.no/cdn/shop/files/pistache-04_1024x102492b1.jpg]
[sunsecrets.no/cdn/shop/files/purple-0592b1.jpg]
[sunsecrets.no/cdn/shop/files/purple-05_1024x102492b1.jpg]
[sunsecrets.no/cdn/shop/files/bandeira-131183.jpg]
[sunsecrets.no/cdn/shop/files/bandeira-116051.jpg]
[sunsecrets.no/cdn/shop/files/bandeira-11_1024x10246051.jpg]
[sunsecrets.no/products/rainbow-bikini-brazilian-green.oembed]
[sunsecrets.no/cdn/shop/files/bandeira-046051.jpg]
[sunsecrets.no/cdn/shop/files/bandeira-04_1024x10246051.jpg]
[sunsecrets.no/cdn/shop/files/bandeira-016051.jpg]
[sunsecrets.no/cdn/shop/files/bandeira-01_1024x10246051.jpg]
[sunsecrets.no/cdn/shop/files/bandeira-076051.jpg]
[sunsecrets.no/cdn/shop/files/bandeira-07_1024x10246051.jpg]
[sunsecrets.no/collections/rainbow-collection/products/rainbow-bikini-pink.html]
[sunsecrets.no/cdn/shop/files/bandeira-06_1024x10246051.jpg]
[sunsecrets.no/cdn/shop/files/bandeira-066051.jpg]
[sunsecrets.no/cdn/shop/files/bandeira-126051.jpg]
[sunsecrets.no/cdn/shop/files/bandeira-12_1024x10246051.jpg]
[sunsecrets.no/cdn/shop/files/bandeira-101183.jpg]
[sunsecrets.no/cdn/shop/files/bandeira-10_1024x10241183.jpg]
[sunsecrets.no/cdn/shop/files/military-103e30.jpg]
[sunsecrets.no/cdn/shop/files/military-023e30.jpg]
[sunsecrets.no/cdn/shop/files/military-02_1024x10243e30.jpg]
[sunsecrets.no/products/rainbow-bikini-army-green.oembed]
[sunsecrets.no/cdn/shop/files/military-043e30.jpg]
[sunsecrets.no/cdn/shop/files/military-04_1024x10243e30.jpg]
[sunsecrets.no/cdn/shop/files/military-033e30.jpg]
[sunsecrets.no/cdn/shop/files/military-03_1024x10243e30.jpg]
[sunsecrets.no/cdn/shop/files/military-133e30.jpg]
[sunsecrets.no/cdn/shop/files/military-13_1024x10243e30.jpg]
[sunsecrets.no/cdn/shop/files/military-123e30.jpg]
[sunsecrets.no/cdn/shop/files/military-12_1024x10243e30.jpg]
[sunsecrets.no/cdn/shop/files/military-1117ea.jpg]
[sunsecrets.no/cdn/shop/files/military-11_1024x102417ea.jpg]
[sunsecrets.no/products/rainbow-bikini-jade.oembed]
[sunsecrets.no/cdn/shop/files/jade-025033.jpg]
[sunsecrets.no/cdn/shop/files/jade-03bba1.jpg]
[sunsecrets.no/cdn/shop/files/jade-03_1024x1024bba1.jpg]
[sunsecrets.no/cdn/shop/files/jade-045033.jpg]
[sunsecrets.no/collections/rainbow-collection/products/rainbow-bikini-red.html]
[sunsecrets.no/cdn/shop/files/jade-01_1024x10245033.jpg]
[sunsecrets.no/cdn/shop/files/jade-04_1024x10245033.jpg]
[sunsecrets.no/cdn/shop/files/jade-015033.jpg]
[sunsecrets.no/cdn/shop/files/ciano-13f63b.jpg]
[sunsecrets.no/cdn/shop/files/ciano-14f63b.jpg]
[sunsecrets.no/products/rainbow-bikini-turkis.oembed]
[sunsecrets.no/cdn/shop/files/ciano-14_1024x1024f63b.jpg]
[sunsecrets.no/cdn/shop/files/ciano-06f63b.jpg]
[sunsecrets.no/cdn/shop/files/ciano-06_1024x1024f63b.jpg]
[sunsecrets.no/cdn/shop/files/ciano-11f63b.jpg]
[sunsecrets.no/cdn/shop/files/ciano-11_1024x1024f63b.jpg]
[sunsecrets.no/cdn/shop/files/ciano-15248f.jpg]
[sunsecrets.no/cdn/shop/files/ciano-15_1024x1024248f.jpg]
[sunsecrets.no/cdn/shop/files/ciano-17248f.jpg]
[sunsecrets.no/cdn/shop/files/ciano-17_1024x1024248f.jpg]
[sunsecrets.no/cdn/shop/files/ciano-07248f.jpg]
[sunsecrets.no/cdn/shop/files/ciano-07_1024x1024248f.jpg]
[sunsecrets.no/cdn/shop/files/full-black-155cba.jpg]
[sunsecrets.no/cdn/shop/files/full-black-136591.jpg]
[sunsecrets.no/products/rainbow-bikini-black.oembed]
[sunsecrets.no/cdn/shop/files/full-black-13_1024x10246591.jpg]
[sunsecrets.no/collections/rainbow-collection/products/rainbow-bikini-orange.html]
[sunsecrets.no/cdn/shop/files/full-black-026591.jpg]
[sunsecrets.no/cdn/shop/files/full-black-02_1024x10246591.jpg]
[sunsecrets.no/cdn/shop/files/full-black-056591.jpg]
[sunsecrets.no/cdn/shop/files/full-black-05_1024x10246591.jpg]
[sunsecrets.no/cdn/shop/files/full-black-166591.jpg]
[sunsecrets.no/cdn/shop/files/full-black-16_1024x10246591.jpg]
[sunsecrets.no/cdn/shop/files/full-black-146591.jpg]
[sunsecrets.no/cdn/shop/files/full-black-14_1024x10246591.jpg]
[sunsecrets.no/cdn/shop/files/full-black-086591.jpg]
[sunsecrets.no/cdn/shop/files/full-black-08_1024x10246591.jpg]
[sunsecrets.no/cdn/shop/files/branco-11b55a.jpg]
[sunsecrets.no/cdn/shop/files/branco-13b55a.jpg]
[sunsecrets.no/cdn/shop/files/branco-13_1024x1024b55a.jpg]
[sunsecrets.no/products/rainbow-bikini-white.oembed]
[sunsecrets.no/cdn/shop/files/branco-01b55a.jpg]
[sunsecrets.no/cdn/shop/files/branco-01_1024x1024b55a.jpg]
[sunsecrets.no/cdn/shop/files/branco-06b55a.jpg]
[sunsecrets.no/cdn/shop/files/branco-06_1024x1024b55a.jpg]
[sunsecrets.no/collections/rainbow-collection/products/rainbow-bikini-yellow.html]
[sunsecrets.no/cdn/shop/files/branco-12b55a.jpg]
[sunsecrets.no/cdn/shop/files/branco-12_1024x1024b55a.jpg]
[sunsecrets.no/cdn/shop/files/branco-14d1a7.jpg]
[sunsecrets.no/cdn/shop/files/branco-14_1024x1024d1a7.jpg]
[sunsecrets.no/cdn/shop/files/cax-02_1d1a7.jpg]
[sunsecrets.no/cdn/shop/files/cax-02_1_1024x1024d1a7.jpg]
[sunsecrets.no/cdn/shop/files/bkrvn-01fec7.jpg]
[sunsecrets.no/cdn/shop/files/img-9314f39d.jpg]
[sunsecrets.no/cdn/shop/files/img-9314_1024x1024f39d.jpg]
[sunsecrets.no/cdn/shop/files/bkrvn-02fec7.jpg]
[sunsecrets.no/products/bikini-riviera-nautisk.oembed]
[sunsecrets.no/cdn/shop/files/bkrvn-02_1024x1024fec7.jpg]
[sunsecrets.no/cdn/shop/files/biq-cannes-val-blue-02-900-x-1350ef6b.jpg]
[sunsecrets.no/cdn/shop/files/biq-cannes-val-blue-04-900-x-1350ef6b.jpg]
[sunsecrets.no/products/bikini-cannes-marinebla.oembed]
[sunsecrets.no/cdn/shop/files/biq-cannes-val-blue-04-900-x-1350_1024x1024ef6b.jpg]
[sunsecrets.no/cdn/shop/files/bkrvn-01_ecbb3b6c-4528-4233-a0bb-5c404927d9636043.jpg]
[sunsecrets.no/collections/rainbow-collection/products/rainbow-bikini-brazilian-green.html]
[sunsecrets.no/cdn/shop/files/bkrvn-02_412ce2ec-0993-4ac8-8da6-f7cba75c88cb_1024x10246043.jpg]
[sunsecrets.no/cdn/shop/files/bkrvn-02_412ce2ec-0993-4ac8-8da6-f7cba75c88cb6043.jpg]
[sunsecrets.no/products/cannes-bikinig-navy.oembed]
[sunsecrets.no/cdn/shop/files/bkrvn-04_845e4893-1c3f-4f9a-9c2c-9cd5fe09c9456043.jpg]
[sunsecrets.no/cdn/shop/files/bkrvn-04_845e4893-1c3f-4f9a-9c2c-9cd5fe09c945_1024x10246043.jpg]
[sunsecrets.no/cdn/shop/files/bkrvn-05_e5b9e60d-c7fa-46ed-945b-c7236c7e879f6043.jpg]
[sunsecrets.no/cdn/shop/files/bkrvn-05_e5b9e60d-c7fa-46ed-945b-c7236c7e879f_1024x10246043.jpg]
[sunsecrets.no/cdn/shop/files/dai-024471.jpg]
[sunsecrets.no/cdn/shop/files/dai-014471.jpg]
[sunsecrets.no/products/cannes-bikini-striper.oembed]
[sunsecrets.no/cdn/shop/files/dai-01_1024x10244471.jpg]
[sunsecrets.no/cdn/shop/files/biq-cannes-iza-listrado-01-900-x-13504471.jpg]
[sunsecrets.no/cdn/shop/files/biq-cannes-iza-listrado-01-900-x-1350_1024x10244471.jpg]
[sunsecrets.no/cdn/shop/files/biq-cannes-iza-listrado-02-900-x-13504471.jpg]
[sunsecrets.no/cdn/shop/files/biq-cannes-iza-listrado-02-900-x-1350_1024x10244471.jpg]
[sunsecrets.no/cdn/shop/files/biq-cannes-michele-listrado-01-900-x-13504471.jpg]
[sunsecrets.no/cdn/shop/files/biq-cannes-michele-listrado-01-900-x-1350_1024x10244471.jpg]
[sunsecrets.no/cdn/shop/files/biq-cannes-val-listrado-01-900-x-13504471.jpg]
[sunsecrets.no/cdn/shop/files/biq-cannes-val-listrado-01-900-x-1350_1024x10244471.jpg]
[sunsecrets.no/cdn/shop/files/biq-cannes-val-listrado-02-900-x-13504471.jpg]
[sunsecrets.no/cdn/shop/files/biq-cannes-val-listrado-02-900-x-1350_1024x10244471.jpg]
[sunsecrets.no/cdn/shop/files/valeria-01-mo-naco-brancoa070.jpg]
[sunsecrets.no/collections/rainbow-collection/products/rainbow-bikini-army-green.html]
[sunsecrets.no/cdn/shop/files/iza-01-mo-naco-branco157d.jpg]
[sunsecrets.no/cdn/shop/files/iza-01-mo-naco-branco_1024x1024157d.jpg]
[sunsecrets.no/products/monaco-hvit.oembed]
[sunsecrets.no/cdn/shop/files/iza-02-mo-naco-branco157d.jpg]
[sunsecrets.no/cdn/shop/files/iza-02-mo-naco-branco_1024x1024157d.jpg]
[sunsecrets.no/cdn/shop/files/mi-01-mo-naco-branco157d.jpg]
[sunsecrets.no/cdn/shop/files/mi-01-mo-naco-branco_1024x1024157d.jpg]
[sunsecrets.no/cdn/shop/files/mi-02-mo-naco-branco157d.jpg]
[sunsecrets.no/cdn/shop/files/mi-02-mo-naco-branco_1024x1024157d.jpg]
[sunsecrets.no/cdn/shop/files/valeria-02-mo-naco-branco157d.jpg]
[sunsecrets.no/cdn/shop/files/valeria-02-mo-naco-branco_1024x1024157d.jpg]
[sunsecrets.no/cdn/shop/files/val-01-monaco-azulf89a.jpg]
[sunsecrets.no/cdn/shop/files/val-02-monaco-azulf89a.jpg]
[sunsecrets.no/products/bikini-monaco-marinebla.oembed]
[sunsecrets.no/cdn/shop/files/val-01-monaco-azul_1024x1024f89a.jpg]
[sunsecrets.no/cdn/shop/files/helena-019966.jpg]
[sunsecrets.no/cdn/shop/files/helena-029966.jpg]
[sunsecrets.no/cdn/shop/files/helena-02_1024x10249966.jpg]
[sunsecrets.no/products/monaco-bikini-striper.oembed]
[sunsecrets.no/cdn/shop/files/val-02_cfab6a00-fb66-49cf-af84-520d50a5cdab9966.jpg]
[sunsecrets.no/cdn/shop/files/val-02_cfab6a00-fb66-49cf-af84-520d50a5cdab_1024x10249966.jpg]
[sunsecrets.no/cdn/shop/files/helena-039966.jpg]
[sunsecrets.no/cdn/shop/files/helena-03_1024x10249966.jpg]
[sunsecrets.no/collections/rainbow-collection/products/rainbow-bikini-white.html]
[sunsecrets.no/cdn/shop/files/mich-019966.jpg]
[sunsecrets.no/cdn/shop/files/mich-01_1024x10249966.jpg]
[sunsecrets.no/cdn/shop/files/val-04cb21.jpg]
[sunsecrets.no/cdn/shop/files/val-055eaa.jpg]
[sunsecrets.no/cdn/shop/files/val-05_1024x10245eaa.jpg]
[sunsecrets.no/products/provence-badedrakt-hvit.oembed]
[sunsecrets.no/cdn/shop/files/val-0102d1.jpg]
[sunsecrets.no/cdn/shop/files/val-01_1024x102402d1.jpg]
[sunsecrets.no/cdn/shop/files/iza-02-maio-listradod831.jpg]
[sunsecrets.no/cdn/shop/files/mich-01-mio-listradod831.jpg]
[sunsecrets.no/products/provence-badedrakt-striper.oembed]
[sunsecrets.no/cdn/shop/files/mich-01-mio-listrado_1024x1024d831.jpg]
[sunsecrets.no/cdn/shop/files/riviera-white-val-04_11c0c.jpg]
[sunsecrets.no/cdn/shop/files/riviera-white-iza-015bd9.jpg]
[sunsecrets.no/products/riviera-hvit.oembed]
[sunsecrets.no/cdn/shop/files/riviera-white-iza-01_1024x10245bd9.jpg]
[sunsecrets.no/cdn/shop/files/iza-riviera-azul-01-900-x-1350-px0e8a.jpg]
[sunsecrets.no/policies/terms-of-service.html]
[sunsecrets.no/cdn/shop/files/val-riviera-azul-02-900-x-1350-px0e8a.jpg]
[sunsecrets.no/cdn/shop/files/val-riviera-azul-02-900-x-1350-px_1024x10240e8a.jpg]
[sunsecrets.no/cdn/shop/files/mi-riviera-azul-01-900-x-1350-px0e8a.jpg]
[cdn.shopify.com/static/imagery-landing/croppr/croppr.2.3.1.css]
[sunsecrets.no/cdn/shop/files/mi-riviera-azul-01-900-x-1350-px_1024x10240e8a.jpg]
[sunsecrets.no/cdn/shop/files/iza-riviera-azul-02-900-x-1350-pxe227.jpg]
[sunsecrets.no/products/riviera-marinebla.oembed]
[cdn.shopify.com/static/imagery-landing/shopify_monotone_white.svg]
[sunsecrets.no/cdn/shop/files/iza-riviera-azul-02-900-x-1350-px_1024x1024e227.jpg]
[sunsecrets.no/cdn/shop/files/iza-riviera-azul-01-900-x-1350-px_1e227.jpg]
[sunsecrets.no/cdn/shop/files/iza-riviera-azul-01-900-x-1350-px_1_1024x1024e227.jpg]
[sunsecrets.no/cdn/shop/files/mi-riviera-azul-02-900-x-1350-px0e8a.jpg]
[sunsecrets.no/cdn/shop/files/mi-riviera-azul-02-900-x-1350-px_1024x10240e8a.jpg]
[sunsecrets.no/cdn/shop/files/navy-048785.jpg]
[sunsecrets.no/cdn/shop/files/navy-028785.jpg]
[sunsecrets.no/products/bikini-st-tropez-hvit-navy.oembed]
[sunsecrets.no/cdn/shop/files/navy-02_1024x10248785.jpg]
[sunsecrets.no/cdn/shop/files/navy-018785.jpg]
[sunsecrets.no/collections/POST.html]
[sunsecrets.no/cdn/shop/files/navy-01_1024x10248785.jpg]
[sunsecrets.no/cdn/shop/files/navy-056a1a.jpg]
[sunsecrets.no/cdn/shop/files/navy-05_1024x10246a1a.jpg]
[sunsecrets.no/cdn/shop/files/navy-01_1bf9a.jpg]
[sunsecrets.no/cdn/shop/files/navy-03ada7.jpg]
[sunsecrets.no/products/bikini-st-tropez-navy.oembed]
[sunsecrets.no/cdn/shop/files/navy-03_1024x1024ada7.jpg]
[sunsecrets.no/cdn/shop/files/navy-04_1ada7.jpg]
[sunsecrets.no/cdn/shop/files/navy-04_1_1024x1024ada7.jpg]
[sunsecrets.no/cdn/shop/files/navy-02_1ada7.jpg]
[sunsecrets.no/cdn/shop/files/navy-02_1_1024x1024ada7.jpg]
[sunsecrets.no/cdn/shop/files/val-02_1b04b.jpg]
[sunsecrets.no/cdn/shop/files/val-01_2b04b.jpg]
[sunsecrets.no/products/bikini-st-tropez-hvit.oembed]
[sunsecrets.no/cdn/shop/files/val-01_2_1024x1024b04b.jpg]
[sunsecrets.no/cdn/shop/files/29b04b.jpg]
[sunsecrets.no/cdn/shop/files/29_1024x1024b04b.jpg]
[sunsecrets.no/cdn/shop/files/28b04b.jpg]
[sunsecrets.no/cdn/shop/files/28_1024x1024b04b.jpg]
[sunsecrets.no/products/bikini-cannes-marinebla.html]
[sunsecrets.no/cdn/shop/files/27b04b.jpg]
[sunsecrets.no/cdn/shop/files/27_1024x1024b04b.jpg]
[sunsecrets.no/cdn/shop/files/30b04b.jpg]
[sunsecrets.no/cdn/shop/files/img-4908_1024x1024c2bb.jpg]
[sunsecrets.no/cdn/shop/files/img-4908c2bb.jpg]
[sunsecrets.no/cdn/shop/files/versallesstripera36a.jpg]
[sunsecrets.no/cdn/shop/files/versaillesstriper0257e7.jpg]
[sunsecrets.no/products/versailles-bikini-med-striper.oembed]
[sunsecrets.no/products/cannes-bikinig-navy.html]
[sunsecrets.no/cdn/shop/files/versaillesstriper02_1024x102457e7.jpg]
[sunsecrets.no/products/cannes-bikini-striper.html]
[sunsecrets.no/products/monaco-hvit.html]
[sunsecrets.no/products/bikini-monaco-marinebla.html]
[sunsecrets.no/products/monaco-bikini-striper.html]
[sunsecrets.no/products/provence-badedrakt-hvit.html]
[sunsecrets.no/products/provence-badedrakt-striper.html]
[sunsecrets.no/products/rainbow-bikini-army-green.html]
[sunsecrets.no/products/riviera-marinebla.html]
[sunsecrets.no/products/bikini-st-tropez-hvit-navy.html]
[sunsecrets.no/products/bikini-st-tropez-navy.html]
[sunsecrets.no/products/bikini-st-tropez-hvit.html]
[sunsecrets.no/products/versailles-bikini-med-striper.html]
[sunsecrets.no/pages/POST.html]
[sunsecrets.no/collections/rainbow-collectiond07c.html]
[sunsecrets.no/cdn/shop/files/iza-maio-azul-0100c3.jpg]
[sunsecrets.no/collections/vendors2abb.html]
[sunsecrets.no/cdn/shop/files/29_579f5bc2-0235-458e-81a1-911745fa6f6cfd32.jpg]
[sunsecrets.no/collections/vendors39e4.html]
[sunsecrets.no/collections/rainbow-collection/products/POST.html]
[sunsecrets.no/cdn/shopifycloud/shopify/assets/storefront/policy-3e4aa3c07a3a61780d16bc4b828d2fef9e1a20a44aae36e029a7b98e5ee5a4d0.css]
[sunsecrets.no/cdn/shop/files/30_1024x1024b04b.jpg]
[sunsecrets.no/collections/vendorsefcf.html]
[sunsecrets.no/cdn/shop/t/3/assets/owl.video.play.html]
